Making install in doc
make[1]: Entering directory '/mnt/aiongpfs/users/mghavami/y2425-w02-compilation-on-hpc-AminGhavami/mpfr/mpfr-4.2.1/build/doc'
make[2]: Entering directory '/mnt/aiongpfs/users/mghavami/y2425-w02-compilation-on-hpc-AminGhavami/mpfr/mpfr-4.2.1/build/doc'
make[2]: Nothing to be done for 'install-exec-am'.
 /usr/bin/mkdir -p '/home/users/mghavami/mpfr-install/share/doc/mpfr'
 /usr/bin/install -c -m 644 ../../doc/FAQ.html '/home/users/mghavami/mpfr-install/share/doc/mpfr'
 /usr/bin/mkdir -p '/home/users/mghavami/mpfr-install/share/info'
 /usr/bin/install -c -m 644 ../../doc/mpfr.info '/home/users/mghavami/mpfr-install/share/info'
 install-info --info-dir='/home/users/mghavami/mpfr-install/share/info' '/home/users/mghavami/mpfr-install/share/info/mpfr.info'
make[2]: Leaving directory '/mnt/aiongpfs/users/mghavami/y2425-w02-compilation-on-hpc-AminGhavami/mpfr/mpfr-4.2.1/build/doc'
make[1]: Leaving directory '/mnt/aiongpfs/users/mghavami/y2425-w02-compilation-on-hpc-AminGhavami/mpfr/mpfr-4.2.1/build/doc'
Making install in src
make[1]: Entering directory '/mnt/aiongpfs/users/mghavami/y2425-w02-compilation-on-hpc-AminGhavami/mpfr/mpfr-4.2.1/build/src'
make  install-am
make[2]: Entering directory '/mnt/aiongpfs/users/mghavami/y2425-w02-compilation-on-hpc-AminGhavami/mpfr/mpfr-4.2.1/build/src'
make[3]: Entering directory '/mnt/aiongpfs/users/mghavami/y2425-w02-compilation-on-hpc-AminGhavami/mpfr/mpfr-4.2.1/build/src'
 /usr/bin/mkdir -p '/home/users/mghavami/mpfr-install/lib'
 /bin/sh ../libtool   --mode=install /usr/bin/install -c   libmpfr.la '/home/users/mghavami/mpfr-install/lib'
libtool: install: /usr/bin/install -c .libs/libmpfr.so.6.2.1 /home/users/mghavami/mpfr-install/lib/libmpfr.so.6.2.1
libtool: install: (cd /home/users/mghavami/mpfr-install/lib && { ln -s -f libmpfr.so.6.2.1 libmpfr.so.6 || { rm -f libmpfr.so.6 && ln -s libmpfr.so.6.2.1 libmpfr.so.6; }; })
libtool: install: (cd /home/users/mghavami/mpfr-install/lib && { ln -s -f libmpfr.so.6.2.1 libmpfr.so || { rm -f libmpfr.so && ln -s libmpfr.so.6.2.1 libmpfr.so; }; })
libtool: install: /usr/bin/install -c .libs/libmpfr.lai /home/users/mghavami/mpfr-install/lib/libmpfr.la
libtool: install: /usr/bin/install -c .libs/libmpfr.a /home/users/mghavami/mpfr-install/lib/libmpfr.a
libtool: install: chmod 644 /home/users/mghavami/mpfr-install/lib/libmpfr.a
libtool: install: ranlib /home/users/mghavami/mpfr-install/lib/libmpfr.a
libtool: finish: PATH="/opt/apps/resif/aion/2020b/epyc/software/binutils/2.35-GCCcore-10.2.0/bin:/opt/apps/resif/aion/2020b/epyc/software/GCCcore/10.2.0/bin:/home/users/mghavami/.local/bin:/home/users/mghavami/bin:/usr/local/bin:/usr/bin:/usr/local/sbin:/usr/sbin:/opt/puppetlabs/bin:/usr/share/lmod/lmod/libexec:/sbin" ldconfig -n /home/users/mghavami/mpfr-install/lib
----------------------------------------------------------------------
Libraries have been installed in:
   /home/users/mghavami/mpfr-install/lib

If you ever happen to want to link against installed libraries
in a given directory, LIBDIR, you must either use libtool, and
specify the full pathname of the library, or use the '-LLIBDIR'
flag during linking and do at least one of the following:
   - add LIBDIR to the 'LD_LIBRARY_PATH' environment variable
     during execution
   - add LIBDIR to the 'LD_RUN_PATH' environment variable
     during linking
   - use the '-Wl,-rpath -Wl,LIBDIR' linker flag
   - have your system administrator add LIBDIR to '/etc/ld.so.conf'

See any operating system documentation about shared libraries for
more information, such as the ld(1) and ld.so(8) manual pages.
----------------------------------------------------------------------
 /usr/bin/mkdir -p '/home/users/mghavami/mpfr-install/include'
 /usr/bin/install -c -m 644 ../../src/mpfr.h ../../src/mpf2mpfr.h '/home/users/mghavami/mpfr-install/include'
make[3]: Leaving directory '/mnt/aiongpfs/users/mghavami/y2425-w02-compilation-on-hpc-AminGhavami/mpfr/mpfr-4.2.1/build/src'
make[2]: Leaving directory '/mnt/aiongpfs/users/mghavami/y2425-w02-compilation-on-hpc-AminGhavami/mpfr/mpfr-4.2.1/build/src'
make[1]: Leaving directory '/mnt/aiongpfs/users/mghavami/y2425-w02-compilation-on-hpc-AminGhavami/mpfr/mpfr-4.2.1/build/src'
Making install in tests
make[1]: Entering directory '/mnt/aiongpfs/users/mghavami/y2425-w02-compilation-on-hpc-AminGhavami/mpfr/mpfr-4.2.1/build/tests'
make[2]: Entering directory '/mnt/aiongpfs/users/mghavami/y2425-w02-compilation-on-hpc-AminGhavami/mpfr/mpfr-4.2.1/build/tests'
make[2]: Nothing to be done for 'install-exec-am'.
make[2]: Nothing to be done for 'install-data-am'.
make[2]: Leaving directory '/mnt/aiongpfs/users/mghavami/y2425-w02-compilation-on-hpc-AminGhavami/mpfr/mpfr-4.2.1/build/tests'
make[1]: Leaving directory '/mnt/aiongpfs/users/mghavami/y2425-w02-compilation-on-hpc-AminGhavami/mpfr/mpfr-4.2.1/build/tests'
Making install in tune
make[1]: Entering directory '/mnt/aiongpfs/users/mghavami/y2425-w02-compilation-on-hpc-AminGhavami/mpfr/mpfr-4.2.1/build/tune'
make[2]: Entering directory '/mnt/aiongpfs/users/mghavami/y2425-w02-compilation-on-hpc-AminGhavami/mpfr/mpfr-4.2.1/build/tune'
make[2]: Nothing to be done for 'install-exec-am'.
make[2]: Nothing to be done for 'install-data-am'.
make[2]: Leaving directory '/mnt/aiongpfs/users/mghavami/y2425-w02-compilation-on-hpc-AminGhavami/mpfr/mpfr-4.2.1/build/tune'
make[1]: Leaving directory '/mnt/aiongpfs/users/mghavami/y2425-w02-compilation-on-hpc-AminGhavami/mpfr/mpfr-4.2.1/build/tune'
Making install in tools/bench
make[1]: Entering directory '/mnt/aiongpfs/users/mghavami/y2425-w02-compilation-on-hpc-AminGhavami/mpfr/mpfr-4.2.1/build/tools/bench'
make[2]: Entering directory '/mnt/aiongpfs/users/mghavami/y2425-w02-compilation-on-hpc-AminGhavami/mpfr/mpfr-4.2.1/build/tools/bench'
make[2]: Nothing to be done for 'install-exec-am'.
make[2]: Nothing to be done for 'install-data-am'.
make[2]: Leaving directory '/mnt/aiongpfs/users/mghavami/y2425-w02-compilation-on-hpc-AminGhavami/mpfr/mpfr-4.2.1/build/tools/bench'
make[1]: Leaving directory '/mnt/aiongpfs/users/mghavami/y2425-w02-compilation-on-hpc-AminGhavami/mpfr/mpfr-4.2.1/build/tools/bench'
make[1]: Entering directory '/mnt/aiongpfs/users/mghavami/y2425-w02-compilation-on-hpc-AminGhavami/mpfr/mpfr-4.2.1/build'
make[2]: Entering directory '/mnt/aiongpfs/users/mghavami/y2425-w02-compilation-on-hpc-AminGhavami/mpfr/mpfr-4.2.1/build'
make[2]: Nothing to be done for 'install-exec-am'.
 /usr/bin/mkdir -p '/home/users/mghavami/mpfr-install/share/doc/mpfr'
 /usr/bin/mkdir -p '/home/users/mghavami/mpfr-install/share/doc/mpfr/examples'
 /usr/bin/install -c -m 644  ../examples/ReadMe ../examples/can_round.c ../examples/divworst.c ../examples/rndo-add.c ../examples/sample.c ../examples/threads.c ../examples/version.c '/home/users/mghavami/mpfr-install/share/doc/mpfr/examples'
 /usr/bin/install -c -m 644  ../AUTHORS ../BUGS ../COPYING ../COPYING.LESSER ../NEWS ../TODO '/home/users/mghavami/mpfr-install/share/doc/mpfr/.'
 /usr/bin/mkdir -p '/home/users/mghavami/mpfr-install/lib/pkgconfig'
 /usr/bin/install -c -m 644 mpfr.pc '/home/users/mghavami/mpfr-install/lib/pkgconfig'
make[2]: Leaving directory '/mnt/aiongpfs/users/mghavami/y2425-w02-compilation-on-hpc-AminGhavami/mpfr/mpfr-4.2.1/build'
make[1]: Leaving directory '/mnt/aiongpfs/users/mghavami/y2425-w02-compilation-on-hpc-AminGhavami/mpfr/mpfr-4.2.1/build'
