-- === CONFIGURATION ===
-- Library version to build: 3.1.2
-- Build configuration: Release
-- Build shared libraries: ON
-- Target system: Linux-4.18.0-553.34.1.el8_10.x86_64
-- Host system: Linux-4.18.0-553.34.1.el8_10.x86_64
-- Library architecture: <empty>
-- CXX compiler: /opt/apps/resif/aion/2020b/epyc/software/GCCcore/10.2.0/bin/c++
-- CXX compiler flags: -march=native -O3
-- CXX linker: /opt/apps/resif/aion/2020b/epyc/software/binutils/2.35-GCCcore-10.2.0/bin/ld
-- Install prefix: /home/users/mghavami/precice-install
-- Source directory: /home/users/mghavami/y2425-w02-compilation-on-hpc-AminGhavami/precice/precice-3.1.2
-- Binary directory: /home/users/mghavami/y2425-w02-compilation-on-hpc-AminGhavami/precice/precice-3.1.2/build
-- Configure package generation: ON
-- Additional CTest MPI Flags: <empty>

-- === ENABLED FEATURES ===
 * PRECICE_FEATURE_MPI_COMMUNICATION, Enables the MPI communication back-end.

   This enables the MPI communication back-end which is highly recommended on multi-node systems.
   See the documentation of the CMake module FindMPI to control its functionality.

   This feature can be enabled/disabled by setting the PRECICE_FEATURE_MPI_COMMUNICATION CMake option.

 * PRECICE_FEATURE_PETSC_MAPPING, Enables the PETSc-powered radial basic function mappings.

   This enables the PETSc-based variant of radial basis function mappings which can run in parallel,
   also across different compute nodes. This is highly recommended for large cases running in parallel.

   This feature can be enabled/disabled by setting the PRECICE_FEATURE_PETSC_MAPPING CMake option.
   Requires PRECICE_FEATURE_MPI_COMMUNICATION.
  
 * PRECICE_FEATURE_PYTHON_ACTIONS, Enables the support for user-defined python actions.

   preCICE allows to manipulate coupling data at runtime using configurable actions.
   This feature enables the support for user-defined actions written in Python based on numpy.

   This feature can be enabled/disabled by setting the PRECICE_FEATURE_PYTHON_ACTIONS CMake option.
  
 * PRECICE_BINDINGS_C, Enables the native C bindings.

   preCICE provides native bindings for C, which are compiled into the library.
   This feature enables the compilation and installation of the bindings into the library.
   Note that we strongly recommend to compile with C bindings enabled for compatibility reasons.

   This feature can be enabled/disabled by setting the PRECICE_BINDINGS_C CMake option.
  
 * PRECICE_BINDINGS_FORTRAN, Enables the native Fortran bindings.

   preCICE provides native bindings for Fortran, which are compiled into the library.
   This feature enables the compilation and installation of the bindings into the library.
   Note that we strongly recommend to compile with Fortran bindings enabled for compatibility reasons.

   This feature can be enabled/disabled by setting the PRECICE_BINDINGS_FORTRAN CMake option.
  
 * PRECICE_BUILD_TOOLS, Build the "precice-tools" executable

   preCICE offers in addition to the core library a variety of tools in order to check configuration
   files or generate xml references. The tools are copmiled into an executable called "precice-tools".

   This feature can be enabled/disabled by setting the PRECICE_BUILD_TOOLS CMake option.
  

-- === DISABLED FEATURES ===
 * PRECICE_FEATURE_GINKGO_MAPPING, **Experimental** Enables the Ginkgo (requires branch public_common_kernels) backend which supports the usage of GPUs and OpenMP for (global) radial-basis function mappings.

   Currently, this enables radial-basis function mappings to leverage the compute power of Nvidia/AMD GPUs and OpenMP.
   It uses iterative solvers provided by Ginkgo or direct solvers offered by hip/cuSolver.

   This feature can be enabled/disabled by setting the PRECICE_FEATURE_GINKGO_MAPPING CMake option.
   Requires the Ginkgo library (branch public_common_kernels) and Eigen 3.4. Note that this feature is still experimental.
  
 * PRECICE_FEATURE_LIBBACKTRACE_STACKTRACES, Enables libbacktrace for stracktrace generation.

   preCICE assertions are helpful during development, however, the default stacktraces may not be sufficient.
   This feature enables the support for libbacktrace in boost.stacktrace.

   This feature can be enabled/disabled by setting the PRECICE_FEATURE_LIBBACKTRACE_STACKTRACES CMake option.
  

-- === DEPENDENCIES ===
-- Found Boost 1.74.0
-- Found Eigen3: /opt/apps/resif/aion/2020b/epyc/software/Eigen/3.4.0-GCCcore-10.2.0/include (Required is at least version "3.3.7") 
-- Found Eigen 3.4.0
-- Validating Eigen
-- Validating Eigen - success
-- Found LibXml2: /opt/apps/resif/aion/2020b/epyc/software/libxml2/2.9.10-GCCcore-10.2.0/lib/libxml2.so (found version "2.9.10") 
-- Found LibXml2 2.9.10
-- Validating LibXml2
-- Validating LibXml2 - success
-- Found MPI_CXX: /opt/apps/resif/aion/2020b/epyc/software/OpenMPI/4.0.5-GCC-10.2.0/lib/libmpi_cxx.so (found version "3.1") 
-- Found MPI: TRUE (found version "3.1")  
-- MPI Version: Open MPI v4.0.5, package: Open MPI resif@aion-0001 Distribution, ident: 4.0.5, repo rev: v4.0.5, Aug 26, 2020
-- Found PkgConfig: /usr/bin/pkg-config (found version "1.4.2") 
-- Checking for module 'PETSc>=3.12'
--   Found PETSc, version 3.14.4
-- Found PETSc: TRUE (found suitable version "3.14.4", minimum required is "3.12") 
-- Found PETSc 3.14.4
-- Ginkgo support disabled
-- Found Python3: /opt/apps/resif/aion/2020b/epyc/software/Python/3.8.6-GCCcore-10.2.0/bin/python3.8 (found version "3.8.6") found components: Interpreter 
-- Found Python 3.8.6
-- Found Python3: /opt/apps/resif/aion/2020b/epyc/software/Python/3.8.6-GCCcore-10.2.0/include/python3.8 (found version "3.8.6") found components: Development NumPy Interpreter Development.Module Development.Embed 
-- Found Python 3.8.6 with NumPy 1.19.4
-- Validating LibPython
-- Validating LibPython - success
-- Validating NumPy
-- Validating NumPy - success

-- === TARGETS & PACKAGES ===
-- Performing Test COMPILER_HAS_HIDDEN_VISIBILITY
-- Performing Test COMPILER_HAS_HIDDEN_VISIBILITY - Success
-- Performing Test COMPILER_HAS_HIDDEN_INLINE_VISIBILITY
-- Performing Test COMPILER_HAS_HIDDEN_INLINE_VISIBILITY - Success
-- Performing Test COMPILER_HAS_DEPRECATED_ATTR
-- Performing Test COMPILER_HAS_DEPRECATED_ATTR - Success
-- Including test sources
-- Compressing manpage: /home/users/mghavami/y2425-w02-compilation-on-hpc-AminGhavami/precice/precice-3.1.2/build/packaging/man1/precice-tools.1
-- Debian package generator disabled: Install prefix is not "/usr"
-- Compressing changelog

-- === TESTS ===
-- Looking for a C compiler
-- Looking for a C compiler - /opt/apps/resif/aion/2020b/epyc/software/GCCcore/10.2.0/bin/cc
-- Looking for a Fortran compiler
-- Looking for a Fortran compiler - /opt/apps/resif/aion/2020b/epyc/software/GCCcore/10.2.0/bin/f95
-- Test precice.acceleration
-- Test precice.action
-- Test precice.com
-- Test precice.com.mpiports - skipped (OpenMPI)
-- Test precice.cplscheme
-- Test precice.io
-- Test precice.m2n
-- Test precice.m2n.mpiports - skipped (OpenMPI)
-- Test precice.mapping
-- Test precice.mapping.petrbf
-- Test precice.mapping.ginkgo.reference - skipped
-- Test precice.mapping.ginkgo.openmp - skipped
-- Test precice.mapping.ginkgo.cuda - skipped
-- Test precice.mapping.ginkgo.cuSolver - skipped
-- Test precice.mapping.ginkgo.hip - skipped
-- Test precice.mapping.ginkgo.hipSolver - skipped
-- Test precice.math
-- Test precice.mesh
-- Test precice.partition
-- Test precice.interface
-- Test precice.query
-- Test precice.testing
-- Test precice.time
-- Test precice.utils
-- Test precice.xml
-- Test precice.integration.GeometricMultiscale
-- Test precice.integration.Parallel
-- Test precice.integration.QuasiNewton
-- Test precice.integration.Serial
-- Test precice.solverdummy.build.cpp
-- Test precice.solverdummy.build.c
-- Test precice.solverdummy.build.fortran
-- Test precice.solverdummy.run.cpp-cpp
-- Test precice.solverdummy.run.c-c
-- Test precice.solverdummy.run.fortran-fortran
-- Test precice.solverdummy.run.cpp-c
-- Test precice.solverdummy.run.cpp-fortran
-- Test precice.solverdummy.run.c-fortran
-- Test precice.tools.noarg
-- Test precice.tools.invalidcmd
-- Test precice.tools.version
-- Test precice.tools.versionopt
-- Test precice.tools.markdown
-- Test precice.tools.xml
-- Test precice.tools.dtd
-- Test precice.tools.check.file
-- Test precice.tools.check.file+name
-- Test precice.tools.check.file+name+size
-- The python package polars is not installed. Profiling tests will be limited. Install polars using your package manager or "pip install polars" to enable all profiling tests.
-- Test precice.tools.profiling.from-common-dir - limited
-- Test precice.tools.profiling.one-parallel-solver - limited
-- Test precice.tools.profiling.one-parallel-solver-different-ids - limited
-- Test precice.tools.profiling.one-serial-damaged - limited
-- Test precice.tools.profiling.one-serial-solver - limited
-- Test precice.tools.profiling.one-solver-multiple-runs - limited
-- Test precice.tools.profiling.two-mixed-solvers - limited
-- Test precice.tools.profiling.two-parallel-solvers - limited
-- Test precice.tools.profiling.two-serial-solvers - limited
-- Test precice.tools.profiling.from-solver-dirs - limited
-- Configuring done
-- Generating done
-- Build files have been written to: /home/users/mghavami/y2425-w02-compilation-on-hpc-AminGhavami/precice/precice-3.1.2/build
